[debug] [2026-02-22T13:34:24.465Z] ----------------------------------------------------------------------
[debug] [2026-02-22T13:34:24.468Z] Command:       C:\Program Files\nodejs\node.exe C:\Users\Zebastian\AppData\Roaming\npm\node_modules\firebase-tools\lib\bin\firebase.js deploy
[debug] [2026-02-22T13:34:24.468Z] CLI Version:   15.1.0
[debug] [2026-02-22T13:34:24.468Z] Platform:      win32
[debug] [2026-02-22T13:34:24.468Z] Node Version:  v24.11.1
[debug] [2026-02-22T13:34:24.468Z] Time:          Sun Feb 22 2026 14:34:24 GMT+0100 (centraleuropeisk normaltid)
[debug] [2026-02-22T13:34:24.468Z] ----------------------------------------------------------------------
[debug] 
[debug] [2026-02-22T13:34:26.112Z] > command requires scopes: ["email","openid","https://www.googleapis.com/auth/cloudplatformprojects.readonly","https://www.googleapis.com/auth/firebase","https://www.googleapis.com/auth/cloud-platform"]
[debug] [2026-02-22T13:34:26.113Z] > authorizing via signed-in user (liamnordvall06@gmail.com)
[debug] [2026-02-22T13:34:26.113Z] [iam] checking project spoolstock-36d74 for permissions ["firebase.projects.get","firebasehosting.sites.update"]
[debug] [2026-02-22T13:34:26.114Z] Checked if tokens are valid: false, expires at: 1771766079207
[debug] [2026-02-22T13:34:26.114Z] Checked if tokens are valid: false, expires at: 1771766079207
[debug] [2026-02-22T13:34:26.114Z] > refreshing access token with scopes: []
[debug] [2026-02-22T13:34:26.116Z] >>> [apiv2][query] POST https://www.googleapis.com/oauth2/v3/token [none]
[debug] [2026-02-22T13:34:26.116Z] >>> [apiv2][body] POST https://www.googleapis.com/oauth2/v3/token [omitted]
[debug] [2026-02-22T13:34:26.230Z] <<< [apiv2][status] POST https://www.googleapis.com/oauth2/v3/token 200
[debug] [2026-02-22T13:34:26.230Z] <<< [apiv2][body] POST https://www.googleapis.com/oauth2/v3/token [omitted]
[debug] [2026-02-22T13:34:26.235Z] >>> [apiv2][query] POST https://cloudresourcemanager.googleapis.com/v1/projects/spoolstock-36d74:testIamPermissions [none]
[debug] [2026-02-22T13:34:26.236Z] >>> [apiv2][(partial)header] POST https://cloudresourcemanager.googleapis.com/v1/projects/spoolstock-36d74:testIamPermissions x-goog-quota-user=projects/spoolstock-36d74
[debug] [2026-02-22T13:34:26.236Z] >>> [apiv2][body] POST https://cloudresourcemanager.googleapis.com/v1/projects/spoolstock-36d74:testIamPermissions {"permissions":["firebase.projects.get","firebasehosting.sites.update"]}
